[
    {
        "lhs": {
            "var": {
                "name": "loop_breaker19"
            },
            "labels": []
        },
        "rhs": {
            "var": {
                "name": "loop_breaker20"
            },
            "labels": []
        }
    },
    {
        "lhs": {
            "var": {
                "name": "loop_breaker20"
            },
            "labels": [
                "Load",
                {
                    "Field": {
                        "offset": 0,
                        "size": 32
                    }
                }
            ]
        },
        "rhs": {
            "var": {
                "name": "loop_breaker21"
            },
            "labels": []
        }
    },
    {
        "lhs": {
            "var": {
                "name": "loop_breaker20"
            },
            "labels": [
                "Load",
                {
                    "Field": {
                        "offset": 4,
                        "size": 32
                    }
                }
            ]
        },
        "rhs": {
            "var": {
                "name": "sub_00001000"
            },
            "labels": [
                {
                    "In": 0
                }
            ]
        }
    },
    {
        "lhs": {
            "var": {
                "name": "loop_breaker21"
            },
            "labels": []
        },
        "rhs": {
            "var": {
                "name": "loop_breaker19"
            },
            "labels": []
        }
    },
    {
        "lhs": {
            "var": {
                "name": "loop_breaker21"
            },
            "labels": []
        },
        "rhs": {
            "var": {
                "name": "loop_breaker20"
            },
            "labels": []
        }
    },
    {
        "lhs": {
            "var": {
                "name": "sub_00000000"
            },
            "labels": [
                {
                    "In": 0
                }
            ]
        },
        "rhs": {
            "var": {
                "name": "loop_breaker19"
            },
            "labels": []
        }
    },
    {
        "lhs": {
            "var": {
                "name": "sub_00001000"
            },
            "labels": [
                {
                    "Out": 0
                }
            ]
        },
        "rhs": {
            "var": {
                "name": "sub_00000000"
            },
            "labels": [
                {
                    "Out": 0
                }
            ]
        }
    }
]