[
    {
        "scc": [
            {
                "id": "sub_001014fb",
                "address": "001014fb"
            }
        ],
        "constraints": []
    }
]