[
    {
        "lhs": {
            "var": {
                "name": "int"
            },
            "labels": []
        },
        "rhs": {
            "var": {
                "name": "sub_0010128f"
            },
            "labels": [
                {
                    "Out": 0
                }
            ]
        }
    },
    {
        "lhs": {
            "var": {
                "name": "int"
            },
            "labels": []
        },
        "rhs": {
            "var": {
                "name": "sub_001012ed"
            },
            "labels": [
                {
                    "Out": 0
                }
            ]
        }
    }
]