[
    {
        "scc": [
            {
                "id": "sub_00101000",
                "address": "00101000"
            }
        ],
        "constraints": []
    },
    {
        "scc": [
            {
                "id": "sub_00101010",
                "address": "00101010"
            }
        ],
        "constraints": []
    },
    {
        "scc": [
            {
                "id": "sub_001010e0",
                "address": "001010e0"
            }
        ],
        "constraints": []
    },
    {
        "scc": [
            {
                "id": "sub_00101100",
                "address": "00101100"
            }
        ],
        "constraints": []
    },
    {
        "scc": [
            {
                "id": "sub_00101130",
                "address": "00101130"
            }
        ],
        "constraints": []
    },
    {
        "scc": [
            {
                "id": "sub_00101160",
                "address": "00101160"
            }
        ],
        "constraints": []
    },
    {
        "scc": [
            {
                "id": "sub_001011a0",
                "address": "001011a0"
            }
        ],
        "constraints": []
    },
    {
        "scc": [
            {
                "id": "sub_001011e0",
                "address": "001011e0"
            }
        ],
        "constraints": []
    },
    {
        "scc": [
            {
                "id": "sub_001011e9",
                "address": "001011e9"
            }
        ],
        "constraints": []
    },
    {
        "scc": [
            {
                "id": "sub_0010128f",
                "address": "0010128f"
            }
        ],
        "constraints": []
    },
    {
        "scc": [
            {
                "id": "sub_001012ed",
                "address": "001012ed"
            }
        ],
        "constraints": []
    },
    {
        "scc": [
            {
                "id": "sub_00101364",
                "address": "00101364"
            }
        ],
        "constraints": []
    },
    {
        "scc": [
            {
                "id": "sub_001013db",
                "address": "001013db"
            }
        ],
        "constraints": []
    },
    {
        "scc": [
            {
                "id": "sub_00101436",
                "address": "00101436"
            }
        ],
        "constraints": []
    },
    {
        "scc": [
            {
                "id": "sub_001014af",
                "address": "001014af"
            }
        ],
        "constraints": []
    },
    {
        "scc": [
            {
                "id": "sub_001014fb",
                "address": "001014fb"
            }
        ],
        "constraints": [
            {
                "lhs": {
                    "var": {
                        "name": "sub_001014fb"
                    },
                    "labels": [
                        {
                            "In": 1
                        }
                    ]
                },
                "rhs": {
                    "var": {
                        "name": "sub_001013db"
                    },
                    "labels": [
                        {
                            "In": 0
                        }
                    ]
                }
            },
            {
                "lhs": {
                    "var": {
                        "name": "sub_001014fb"
                    },
                    "labels": [
                        {
                            "In": 2
                        }
                    ]
                },
                "rhs": {
                    "var": {
                        "name": "sub_001013db"
                    },
                    "labels": [
                        {
                            "In": 1
                        }
                    ]
                }
            }
        ]
    },
    {
        "scc": [
            {
                "id": "sub_001015a7",
                "address": "001015a7"
            }
        ],
        "constraints": []
    },
    {
        "scc": [
            {
                "id": "sub_00101677",
                "address": "00101677"
            }
        ],
        "constraints": []
    },
    {
        "scc": [
            {
                "id": "sub_00101728",
                "address": "00101728"
            }
        ],
        "constraints": [
            {
                "lhs": {
                    "var": {
                        "name": "sub_001014fb"
                    },
                    "labels": [
                        {
                            "Out": 0
                        },
                        "Load",
                        {
                            "Field": {
                                "offset": 40,
                                "size": 64
                            }
                        }
                    ]
                },
                "rhs": {
                    "var": {
                        "name": "loop_breaker516"
                    },
                    "labels": [
                        "Store",
                        {
                            "Field": {
                                "offset": 0,
                                "size": 64
                            }
                        }
                    ]
                }
            },
            {
                "lhs": {
                    "var": {
                        "name": "loop_breaker516"
                    },
                    "labels": [
                        "Load",
                        {
                            "Field": {
                                "offset": 0,
                                "size": 64
                            }
                        },
                        {
                            "Add": 40
                        }
                    ]
                },
                "rhs": {
                    "var": {
                        "name": "loop_breaker516"
                    },
                    "labels": []
                }
            },
            {
                "lhs": {
                    "var": {
                        "name": "sub_001014fb"
                    },
                    "labels": [
                        {
                            "Out": 0
                        },
                        "Load",
                        {
                            "Field": {
                                "offset": 40,
                                "size": 64
                            }
                        }
                    ]
                },
                "rhs": {
                    "var": {
                        "name": "loop_breaker516"
                    },
                    "labels": []
                }
            },
            {
                "lhs": {
                    "var": {
                        "name": "sub_00101728"
                    },
                    "labels": [
                        {
                            "In": 0
                        }
                    ]
                },
                "rhs": {
                    "var": {
                        "name": "sub_001014fb"
                    },
                    "labels": [
                        {
                            "In": 0
                        }
                    ]
                }
            }
        ]
    },
    {
        "scc": [
            {
                "id": "sub_00101853",
                "address": "00101853"
            }
        ],
        "constraints": []
    },
    {
        "scc": [
            {
                "id": "sub_0010198c",
                "address": "0010198c"
            }
        ],
        "constraints": []
    }
]